Archive member included to satisfy reference by file (symbol)

/usr/lib/gcc/arm-none-eabi/16.2.0/thumb/v7e-m+fp/hard/libgcc.a(_aeabi_uldivmod.o)
                              cmake/stm32cubemx/CMakeFiles/STM32_Drivers.dir/__/__/Drivers/STM32F4xx_HAL_Driver/Src/stm32f4xx_hal_rcc.c.obj (__aeabi_uldivmod)
/usr/lib/gcc/arm-none-eabi/16.2.0/thumb/v7e-m+fp/hard/libgcc.a(_udivmoddi4.o)
                              /usr/lib/gcc/arm-none-eabi/16.2.0/thumb/v7e-m+fp/hard/libgcc.a(_aeabi_uldivmod.o) (__udivmoddi4)
/usr/lib/gcc/arm-none-eabi/16.2.0/thumb/v7e-m+fp/hard/libgcc.a(_dvmd_tls.o)
                              /usr/lib/gcc/arm-none-eabi/16.2.0/thumb/v7e-m+fp/hard/libgcc.a(_aeabi_uldivmod.o) (__aeabi_ldiv0)
/usr/lib/gcc/arm-none-eabi/16.2.0/../../../../arm-none-eabi/lib/thumb/v7e-m+fp/hard/libg_nano.a(libc_a-atexit.o)
                              /usr/lib/gcc/arm-none-eabi/16.2.0/../../../../arm-none-eabi/lib/thumb/v7e-m+fp/hard/crt0.o (atexit)
/usr/lib/gcc/arm-none-eabi/16.2.0/../../../../arm-none-eabi/lib/thumb/v7e-m+fp/hard/libg_nano.a(libc_a-exit.o)
                              /usr/lib/gcc/arm-none-eabi/16.2.0/../../../../arm-none-eabi/lib/thumb/v7e-m+fp/hard/crt0.o (exit)
/usr/lib/gcc/arm-none-eabi/16.2.0/../../../../arm-none-eabi/lib/thumb/v7e-m+fp/hard/libg_nano.a(libc_a-findfp.o)
                              /usr/lib/gcc/arm-none-eabi/16.2.0/../../../../arm-none-eabi/lib/thumb/v7e-m+fp/hard/libg_nano.a(libc_a-exit.o) (__stdio_exit_handler)
/usr/lib/gcc/arm-none-eabi/16.2.0/../../../../arm-none-eabi/lib/thumb/v7e-m+fp/hard/libg_nano.a(libc_a-fwalk.o)
                              /usr/lib/gcc/arm-none-eabi/16.2.0/../../../../arm-none-eabi/lib/thumb/v7e-m+fp/hard/libg_nano.a(libc_a-findfp.o) (_fwalk_sglue)
/usr/lib/gcc/arm-none-eabi/16.2.0/../../../../arm-none-eabi/lib/thumb/v7e-m+fp/hard/libg_nano.a(libc_a-stdio.o)
                              /usr/lib/gcc/arm-none-eabi/16.2.0/../../../../arm-none-eabi/lib/thumb/v7e-m+fp/hard/libg_nano.a(libc_a-findfp.o) (__sread)
/usr/lib/gcc/arm-none-eabi/16.2.0/../../../../arm-none-eabi/lib/thumb/v7e-m+fp/hard/libg_nano.a(libc_a-memset.o)
                              /usr/lib/gcc/arm-none-eabi/16.2.0/../../../../arm-none-eabi/lib/thumb/v7e-m+fp/hard/crt0.o (memset)
/usr/lib/gcc/arm-none-eabi/16.2.0/../../../../arm-none-eabi/lib/thumb/v7e-m+fp/hard/libg_nano.a(libc_a-closer.o)
                              /usr/lib/gcc/arm-none-eabi/16.2.0/../../../../arm-none-eabi/lib/thumb/v7e-m+fp/hard/libg_nano.a(libc_a-stdio.o) (_close_r)
/usr/lib/gcc/arm-none-eabi/16.2.0/../../../../arm-none-eabi/lib/thumb/v7e-m+fp/hard/libg_nano.a(libc_a-reent.o)
                              /usr/lib/gcc/arm-none-eabi/16.2.0/../../../../arm-none-eabi/lib/thumb/v7e-m+fp/hard/libg_nano.a(libc_a-closer.o) (errno)
/usr/lib/gcc/arm-none-eabi/16.2.0/../../../../arm-none-eabi/lib/thumb/v7e-m+fp/hard/libg_nano.a(libc_a-impure.o)
                              /usr/lib/gcc/arm-none-eabi/16.2.0/../../../../arm-none-eabi/lib/thumb/v7e-m+fp/hard/libg_nano.a(libc_a-reent.o) (_impure_ptr)
/usr/lib/gcc/arm-none-eabi/16.2.0/../../../../arm-none-eabi/lib/thumb/v7e-m+fp/hard/libg_nano.a(libc_a-lseekr.o)
                              /usr/lib/gcc/arm-none-eabi/16.2.0/../../../../arm-none-eabi/lib/thumb/v7e-m+fp/hard/libg_nano.a(libc_a-stdio.o) (_lseek_r)
/usr/lib/gcc/arm-none-eabi/16.2.0/../../../../arm-none-eabi/lib/thumb/v7e-m+fp/hard/libg_nano.a(libc_a-readr.o)
                              /usr/lib/gcc/arm-none-eabi/16.2.0/../../../../arm-none-eabi/lib/thumb/v7e-m+fp/hard/libg_nano.a(libc_a-stdio.o) (_read_r)
/usr/lib/gcc/arm-none-eabi/16.2.0/../../../../arm-none-eabi/lib/thumb/v7e-m+fp/hard/libg_nano.a(libc_a-writer.o)
                              /usr/lib/gcc/arm-none-eabi/16.2.0/../../../../arm-none-eabi/lib/thumb/v7e-m+fp/hard/libg_nano.a(libc_a-stdio.o) (_write_r)
/usr/lib/gcc/arm-none-eabi/16.2.0/../../../../arm-none-eabi/lib/thumb/v7e-m+fp/hard/libg_nano.a(libc_a-errno.o)
                              CMakeFiles/Card_Dealer.dir/Core/Src/sysmem.c.obj (__errno)
/usr/lib/gcc/arm-none-eabi/16.2.0/../../../../arm-none-eabi/lib/thumb/v7e-m+fp/hard/libg_nano.a(libc_a-init.o)
                              /usr/lib/gcc/arm-none-eabi/16.2.0/../../../../arm-none-eabi/lib/thumb/v7e-m+fp/hard/crt0.o (__libc_init_array)
/usr/lib/gcc/arm-none-eabi/16.2.0/../../../../arm-none-eabi/lib/thumb/v7e-m+fp/hard/libg_nano.a(libc_a-fini.o)
                              /usr/lib/gcc/arm-none-eabi/16.2.0/../../../../arm-none-eabi/lib/thumb/v7e-m+fp/hard/crt0.o (__libc_fini_array)
/usr/lib/gcc/arm-none-eabi/16.2.0/../../../../arm-none-eabi/lib/thumb/v7e-m+fp/hard/libg_nano.a(libc_a-lock.o)
                              /usr/lib/gcc/arm-none-eabi/16.2.0/../../../../arm-none-eabi/lib/thumb/v7e-m+fp/hard/libg_nano.a(libc_a-findfp.o) (__retarget_lock_init_recursive)
/usr/lib/gcc/arm-none-eabi/16.2.0/../../../../arm-none-eabi/lib/thumb/v7e-m+fp/hard/libg_nano.a(libc_a-__atexit.o)
[...]
Memory Configuration

Name             Origin             Length             Attributes
RAM              0x20000000         0x00020000         xrw
FLASH            0x08000000         0x00080000         xr
*default*        0x00000000         0xffffffff

Linker script and memory map

LOAD /usr/lib/gcc/arm-none-eabi/16.2.0/thumb/v7e-m+fp/hard/crti.o
LOAD /usr/lib/gcc/arm-none-eabi/16.2.0/thumb/v7e-m+fp/hard/crtbegin.o
LOAD /usr/lib/gcc/arm-none-eabi/16.2.0/../../../../arm-none-eabi/lib/thumb/v7e-m+fp/hard/crt0.o
LOAD cmake/stm32cubemx/CMakeFiles/STM32_Drivers.dir/__/__/Core/Src/system_stm32f4xx.c.obj
LOAD cmake/stm32cubemx/CMakeFiles/STM32_Drivers.dir/__/__/Drivers/STM32F4xx_HAL_Driver/Src/stm32f4xx_hal_adc.c.obj
LOAD cmake/stm32cubemx/CMakeFiles/STM32_Drivers.dir/__/__/Drivers/STM32F4xx_HAL_Driver/Src/stm32f4xx_hal_adc_ex.c.obj
LOAD cmake/stm32cubemx/CMakeFiles/STM32_Drivers.dir/__/__/Drivers/STM32F4xx_HAL_Driver/Src/stm32f4xx_hal_rcc.c.obj
LOAD cmake/stm32cubemx/CMakeFiles/STM32_Drivers.dir/__/__/Drivers/STM32F4xx_HAL_Driver/Src/stm32f4xx_hal_rcc_ex.c.obj
LOAD cmake/stm32cubemx/CMakeFiles/STM32_Drivers.dir/__/__/Drivers/STM32F4xx_HAL_Driver/Src/stm32f4xx_hal_flash.c.obj
LOAD cmake/stm32cubemx/CMakeFiles/STM32_Drivers.dir/__/__/Drivers/STM32F4xx_HAL_Driver/Src/stm32f4xx_hal_flash_ex.c.obj
LOAD cmake/stm32cubemx/CMakeFiles/STM32_Drivers.dir/__/__/Drivers/STM32F4xx_HAL_Driver/Src/stm32f4xx_hal_flash_ramfunc.c.obj
LOAD cmake/stm32cubemx/CMakeFiles/STM32_Drivers.dir/__/__/Drivers/STM32F4xx_HAL_Driver/Src/stm32f4xx_hal_gpio.c.obj
LOAD cmake/stm32cubemx/CMakeFiles/STM32_Drivers.dir/__/__/Drivers/STM32F4xx_HAL_Driver/Src/stm32f4xx_hal_dma_ex.c.obj
LOAD cmake/stm32cubemx/CMakeFiles/STM32_Drivers.dir/__/__/Drivers/STM32F4xx_HAL_Driver/Src/stm32f4xx_hal_dma.c.obj
LOAD cmake/stm32cubemx/CMakeFiles/STM32_Drivers.dir/__/__/Drivers/STM32F4xx_HAL_Driver/Src/stm32f4xx_hal_pwr.c.obj
LOAD cmake/stm32cubemx/CMakeFiles/STM32_Drivers.dir/__/__/Drivers/STM32F4xx_HAL_Driver/Src/stm32f4xx_hal_pwr_ex.c.obj
LOAD cmake/stm32cubemx/CMakeFiles/STM32_Drivers.dir/__/__/Drivers/STM32F4xx_HAL_Driver/Src/stm32f4xx_hal_cortex.c.obj
LOAD cmake/stm32cubemx/CMakeFiles/STM32_Drivers.dir/__/__/Drivers/STM32F4xx_HAL_Driver/Src/stm32f4xx_hal.c.obj
LOAD cmake/stm32cubemx/CMakeFiles/STM32_Drivers.dir/__/__/Drivers/STM32F4xx_HAL_Driver/Src/stm32f4xx_hal_exti.c.obj
LOAD cmake/stm32cubemx/CMakeFiles/STM32_Drivers.dir/__/__/Drivers/STM32F4xx_HAL_Driver/Src/stm32f4xx_hal_tim.c.obj
LOAD cmake/stm32cubemx/CMakeFiles/STM32_Drivers.dir/__/__/Drivers/STM32F4xx_HAL_Driver/Src/stm32f4xx_hal_tim_ex.c.obj
LOAD CMakeFiles/Card_Dealer.dir/Core/Src/main.c.obj
LOAD CMakeFiles/Card_Dealer.dir/Core/Src/stm32f4xx_it.c.obj
LOAD CMakeFiles/Card_Dealer.dir/Core/Src/stm32f4xx_hal_msp.c.obj
LOAD CMakeFiles/Card_Dealer.dir/Core/Src/sysmem.c.obj
LOAD CMakeFiles/Card_Dealer.dir/Core/Src/syscalls.c.obj
LOAD CMakeFiles/Card_Dealer.dir/startup_stm32f411xe.s.obj
LOAD /usr/lib/gcc/arm-none-eabi/16.2.0/../../../../arm-none-eabi/lib/thumb/v7e-m+fp/hard/libm.a
START GROUP
LOAD /usr/lib/gcc/arm-none-eabi/16.2.0/thumb/v7e-m+fp/hard/libgcc.a
LOAD /usr/lib/gcc/arm-none-eabi/16.2.0/../../../../arm-none-eabi/lib/thumb/v7e-m+fp/hard/libg_nano.a
LOAD /usr/lib/gcc/arm-none-eabi/16.2.0/../../../../arm-none-eabi/lib/thumb/v7e-m+fp/hard/libc_nano.a
END GROUP
START GROUP
LOAD /usr/lib/gcc/arm-none-eabi/16.2.0/thumb/v7e-m+fp/hard/libgcc.a
LOAD /usr/lib/gcc/arm-none-eabi/16.2.0/../../../../arm-none-eabi/lib/thumb/v7e-m+fp/hard/libc_nano.a
END GROUP
LOAD /usr/lib/gcc/arm-none-eabi/16.2.0/thumb/v7e-m+fp/hard/crtend.o
LOAD /usr/lib/gcc/arm-none-eabi/16.2.0/thumb/v7e-m+fp/hard/crtn.o
                0x20020000                        _estack = (ORIGIN (RAM) + LENGTH (RAM))
                0x2001fc00                        _sstack = (_estack - _Min_Stack_Size)
                0x00000200                        _Min_Heap_Size = 0x200
                0x00000400                        _Min_Stack_Size = 0x400

.isr_vector     0x08000000      0x198
                0x08000000                        . = ALIGN (0x4)
 *(.isr_vector)
 .isr_vector    0x08000000      0x198 CMakeFiles/Card_Dealer.dir/startup_stm32f411xe.s.obj
                0x08000000                g_pfnVectors
                0x08000198                        . = ALIGN (0x4)

.text           0x08000198     0x2c34
                0x08000198                        . = ALIGN (0x4)
 *(.text)
 .text          0x08000198       0x30 /usr/lib/gcc/arm-none-eabi/16.2.0/thumb/v7e-m+fp/hard/libgcc.a(_aeabi_uldivmod.o)
                0x08000198                __aeabi_uldivmod
 .text          0x080001c8        0x4 /usr/lib/gcc/arm-none-eabi/16.2.0/thumb/v7e-m+fp/hard/libgcc.a(_dvmd_tls.o)
                0x080001c8                __aeabi_ldiv0
                0x080001c8                __aeabi_idiv0
 *(.text*)
 .text.__do_global_dtors_aux
                0x080001cc       0x24 /usr/lib/gcc/arm-none-eabi/16.2.0/thumb/v7e-m+fp/hard/crtbegin.o
 .text.frame_dummy
                0x080001f0       0x1c /usr/lib/gcc/arm-none-eabi/16.2.0/thumb/v7e-m+fp/hard/crtbegin.o
 .text.SystemInit
                0x0800020c       0x20 cmake/stm32cubemx/CMakeFiles/STM32_Drivers.dir/__/__/Core/Src/system_stm32f4xx.c.obj
                0x0800020c                SystemInit
 .text.HAL_ADC_Init
                0x0800022c       0x86 cmake/stm32cubemx/CMakeFiles/STM32_Drivers.dir/__/__/Drivers/STM32F4xx_HAL_Driver/Src/stm32f4xx_hal_adc.c.obj
                0x0800022c                HAL_ADC_Init
 *fill*         0x080002b2        0x2 
 .text.HAL_ADC_Start
                0x080002b4      0x164 cmake/stm32cubemx/CMakeFiles/STM32_Drivers.dir/__/__/Drivers/STM32F4xx_HAL_Driver/Src/stm32f4xx_hal_adc.c.obj
                0x080002b4                HAL_ADC_Start
 .text.HAL_ADC_Stop
                0x08000418       0x64 cmake/stm32cubemx/CMakeFiles/STM32_Drivers.dir/__/__/Drivers/STM32F4xx_HAL_Driver/Src/stm32f4xx_hal_adc.c.obj
                0x08000418                HAL_ADC_Stop
 .text.HAL_ADC_PollForConversion
                0x0800047c      0x116 cmake/stm32cubemx/CMakeFiles/STM32_Drivers.dir/__/__/Drivers/STM32F4xx_HAL_Driver/Src/stm32f4xx_hal_adc.c.obj
                0x0800047c                HAL_ADC_PollForConversion
 .text.HAL_ADC_GetValue
                0x08000592       0x18 cmake/stm32cubemx/CMakeFiles/STM32_Drivers.dir/__/__/Drivers/STM32F4xx_HAL_Driver/Src/stm32f4xx_hal_adc.c.obj
                0x08000592                HAL_ADC_GetValue
 *fill*         0x080005aa        0x2 
 .text.HAL_ADC_ConfigChannel
                0x080005ac      0x268 cmake/stm32cubemx/CMakeFiles/STM32_Drivers.dir/__/__/Drivers/STM32F4xx_HAL_Driver/Src/stm32f4xx_hal_adc.c.obj
                0x080005ac                HAL_ADC_ConfigChannel
 .text.ADC_Init
                0x08000814      0x1f8 cmake/stm32cubemx/CMakeFiles/STM32_Drivers.dir/__/__/Drivers/STM32F4xx_HAL_Driver/Src/stm32f4xx_hal_adc.c.obj
 .text.HAL_RCC_OscConfig
                0x08000a0c      0x4f0 cmake/stm32cubemx/CMakeFiles/STM32_Drivers.dir/__/__/Drivers/STM32F4xx_HAL_Driver/Src/stm32f4xx_hal_rcc.c.obj
                0x08000a0c                HAL_RCC_OscConfig
 .text.HAL_RCC_ClockConfig
                0x08000efc      0x1cc cmake/stm32cubemx/CMakeFiles/STM32_Drivers.dir/__/__/Drivers/STM32F4xx_HAL_Driver/Src/stm32f4xx_hal_rcc.c.obj
                0x08000efc                HAL_RCC_ClockConfig
 .text.HAL_RCC_GetSysClockFreq
                0x080010c8      0x188 cmake/stm32cubemx/CMakeFiles/STM32_Drivers.dir/__/__/Drivers/STM32F4xx_HAL_Driver/Src/stm32f4xx_hal_rcc.c.obj
                0x080010c8                HAL_RCC_GetSysClockFreq
 .text.HAL_GPIO_Init
                0x08001250      0x304 cmake/stm32cubemx/CMakeFiles/STM32_Drivers.dir/__/__/Drivers/STM32F4xx_HAL_Driver/Src/stm32f4xx_hal_gpio.c.obj
                0x08001250                HAL_GPIO_Init
 .text.HAL_GPIO_WritePin
                0x08001554       0x30 cmake/stm32cubemx/CMakeFiles/STM32_Drivers.dir/__/__/Drivers/STM32F4xx_HAL_Driver/Src/stm32f4xx_hal_gpio.c.obj
                0x08001554                HAL_GPIO_WritePin
 .text.__NVIC_SetPriorityGrouping
                0x08001584       0x48 cmake/stm32cubemx/CMakeFiles/STM32_Drivers.dir/__/__/Drivers/STM32F4xx_HAL_Driver/Src/stm32f4xx_hal_cortex.c.obj
 .text.__NVIC_GetPriorityGrouping
                0x080015cc       0x1c cmake/stm32cubemx/CMakeFiles/STM32_Drivers.dir/__/__/Drivers/STM32F4xx_HAL_Driver/Src/stm32f4xx_hal_cortex.c.obj
 .text.__NVIC_SetPriority
                0x080015e8       0x54 cmake/stm32cubemx/CMakeFiles/STM32_Drivers.dir/__/__/Drivers/STM32F4xx_HAL_Driver/Src/stm32f4xx_hal_cortex.c.obj
 .text.NVIC_EncodePriority
                0x0800163c       0x6e cmake/stm32cubemx/CMakeFiles/STM32_Drivers.dir/__/__/Drivers/STM32F4xx_HAL_Driver/Src/stm32f4xx_hal_cortex.c.obj
 *fill*         0x080016aa        0x2 
 .text.SysTick_Config
                0x080016ac       0x44 cmake/stm32cubemx/CMakeFiles/STM32_Drivers.dir/__/__/Drivers/STM32F4xx_HAL_Driver/Src/stm32f4xx_hal_cortex.c.obj
 .text.HAL_NVIC_SetPriorityGrouping
                0x080016f0       0x16 cmake/stm32cubemx/CMakeFiles/STM32_Drivers.dir/__/__/Drivers/STM32F4xx_HAL_Driver/Src/stm32f4xx_hal_cortex.c.obj
                0x080016f0                HAL_NVIC_SetPriorityGrouping
 .text.HAL_NVIC_SetPriority
                0x08001706       0x38 cmake/stm32cubemx/CMakeFiles/STM32_Drivers.dir/__/__/Drivers/STM32F4xx_HAL_Driver/Src/stm32f4xx_hal_cortex.c.obj
                0x08001706                HAL_NVIC_SetPriority
 .text.HAL_SYSTICK_Config
                0x0800173e       0x18 cmake/stm32cubemx/CMakeFiles/STM32_Drivers.dir/__/__/Drivers/STM32F4xx_HAL_Driver/Src/stm32f4xx_hal_cortex.c.obj
                0x0800173e                HAL_SYSTICK_Config
 *fill*         0x08001756        0x2 
 .text.HAL_Init
                0x08001758       0x44 cmake/stm32cubemx/CMakeFiles/STM32_Drivers.dir/__/__/Drivers/STM32F4xx_HAL_Driver/Src/stm32f4xx_hal.c.obj
                0x08001758                HAL_Init
 .text.HAL_InitTick
                0x0800179c       0x60 cmake/stm32cubemx/CMakeFiles/STM32_Drivers.dir/__/__/Drivers/STM32F4xx_HAL_Driver/Src/stm32f4xx_hal.c.obj
                0x0800179c                HAL_InitTick
 .text.HAL_IncTick
                0x080017fc       0x24 cmake/stm32cubemx/CMakeFiles/STM32_Drivers.dir/__/__/Drivers/STM32F4xx_HAL_Driver/Src/stm32f4xx_hal.c.obj
                0x080017fc                HAL_IncTick
 .text.HAL_GetTick
                0x08001820       0x14 cmake/stm32cubemx/CMakeFiles/STM32_Drivers.dir/__/__/Drivers/STM32F4xx_HAL_Driver/Src/stm32f4xx_hal.c.obj
                0x08001820                HAL_GetTick
 .text.HAL_Delay
                0x08001834       0x48 cmake/stm32cubemx/CMakeFiles/STM32_Drivers.dir/__/__/Drivers/STM32F4xx_HAL_Driver/Src/stm32f4xx_hal.c.obj
                0x08001834                HAL_Delay
 .text.HAL_TIM_Base_Init
                0x0800187c       0x9c cmake/stm32cubemx/CMakeFiles/STM32_Drivers.dir/__/__/Drivers/STM32F4xx_HAL_Driver/Src/stm32f4xx_hal_tim.c.obj
                0x0800187c                HAL_TIM_Base_Init
 .text.HAL_TIM_PWM_Init
                0x08001918       0x9c cmake/stm32cubemx/CMakeFiles/STM32_Drivers.dir/__/__/Drivers/STM32F4xx_HAL_Driver/Src/stm32f4xx_hal_tim.c.obj
                0x08001918                HAL_TIM_PWM_Init
 .text.HAL_TIM_PWM_MspInit
                0x080019b4       0x12 cmake/stm32cubemx/CMakeFiles/STM32_Drivers.dir/__/__/Drivers/STM32F4xx_HAL_Driver/Src/stm32f4xx_hal_tim.c.obj
                0x080019b4                HAL_TIM_PWM_MspInit
 *fill*         0x080019c6        0x2 
 .text.HAL_TIM_PWM_Start
                0x080019c8      0x158 cmake/stm32cubemx/CMakeFiles/STM32_Drivers.dir/__/__/Drivers/STM32F4xx_HAL_Driver/Src/stm32f4xx_hal_tim.c.obj
                0x080019c8                HAL_TIM_PWM_Start
 .text.HAL_TIM_PWM_ConfigChannel
                0x08001b20      0x16c cmake/stm32cubemx/CMakeFiles/STM32_Drivers.dir/__/__/Drivers/STM32F4xx_HAL_Driver/Src/stm32f4xx_hal_tim.c.obj
                0x08001b20                HAL_TIM_PWM_ConfigChannel
 .text.HAL_TIM_ConfigClockSource
                0x08001c8c      0x18e cmake/stm32cubemx/CMakeFiles/STM32_Drivers.dir/__/__/Drivers/STM32F4xx_HAL_Driver/Src/stm32f4xx_hal_tim.c.obj
                0x08001c8c                HAL_TIM_ConfigClockSource
 *fill*         0x08001e1a        0x2 
 .text.TIM_Base_SetConfig
                0x08001e1c      0x108 cmake/stm32cubemx/CMakeFiles/STM32_Drivers.dir/__/__/Drivers/STM32F4xx_HAL_Driver/Src/stm32f4xx_hal_tim.c.obj
                0x08001e1c                TIM_Base_SetConfig
 .text.TIM_OC1_SetConfig
                0x08001f24       0xcc cmake/stm32cubemx/CMakeFiles/STM32_Drivers.dir/__/__/Drivers/STM32F4xx_HAL_Driver/Src/stm32f4xx_hal_tim.c.obj
 .text.TIM_OC2_SetConfig
                0x08001ff0       0xd4 cmake/stm32cubemx/CMakeFiles/STM32_Drivers.dir/__/__/Drivers/STM32F4xx_HAL_Driver/Src/stm32f4xx_hal_tim.c.obj
                0x08001ff0                TIM_OC2_SetConfig
 .text.TIM_OC3_SetConfig
                0x080020c4       0xd4 cmake/stm32cubemx/CMakeFiles/STM32_Drivers.dir/__/__/Drivers/STM32F4xx_HAL_Driver/Src/stm32f4xx_hal_tim.c.obj
 .text.TIM_OC4_SetConfig
                0x08002198       0x9c cmake/stm32cubemx/CMakeFiles/STM32_Drivers.dir/__/__/Drivers/STM32F4xx_HAL_Driver/Src/stm32f4xx_hal_tim.c.obj
 .text.TIM_TI1_ConfigInputStage
                0x08002234       0x5c cmake/stm32cubemx/CMakeFiles/STM32_Drivers.dir/__/__/Drivers/STM32F4xx_HAL_Driver/Src/stm32f4xx_hal_tim.c.obj
 .text.TIM_TI2_ConfigInputStage
                0x08002290       0x5e cmake/stm32cubemx/CMakeFiles/STM32_Drivers.dir/__/__/Drivers/STM32F4xx_HAL_Driver/Src/stm32f4xx_hal_tim.c.obj
 .text.TIM_ITRx_SetConfig
                0x080022ee       0x34 cmake/stm32cubemx/CMakeFiles/STM32_Drivers.dir/__/__/Drivers/STM32F4xx_HAL_Driver/Src/stm32f4xx_hal_tim.c.obj
 .text.TIM_ETR_SetConfig
                0x08002322       0x3e cmake/stm32cubemx/CMakeFiles/STM32_Drivers.dir/__/__/Drivers/STM32F4xx_HAL_Driver/Src/stm32f4xx_hal_tim.c.obj
                0x08002322                TIM_ETR_SetConfig
 .text.TIM_CCxChannelCmd
                0x08002360       0x48 cmake/stm32cubemx/CMakeFiles/STM32_Drivers.dir/__/__/Drivers/STM32F4xx_HAL_Driver/Src/stm32f4xx_hal_tim.c.obj
                0x08002360                TIM_CCxChannelCmd
 .text.HAL_TIMEx_MasterConfigSynchronization
                0x080023a8       0xd8 cmake/stm32cubemx/CMakeFiles/STM32_Drivers.dir/__/__/Drivers/STM32F4xx_HAL_Driver/Src/stm32f4xx_hal_tim_ex.c.obj
                0x080023a8                HAL_TIMEx_MasterConfigSynchronization
 .text.main     0x08002480       0xe8 CMakeFiles/Card_Dealer.dir/Core/Src/main.c.obj
                0x08002480                main
 .text.SystemClock_Config
                0x08002568       0xd0 CMakeFiles/Card_Dealer.dir/Core/Src/main.c.obj
                0x08002568                SystemClock_Config
 .text.MX_ADC1_Init
                0x08002638       0xa4 CMakeFiles/Card_Dealer.dir/Core/Src/main.c.obj
 .text.MX_TIM2_Init
                0x080026dc       0xec CMakeFiles/Card_Dealer.dir/Core/Src/main.c.obj
 .text.MX_GPIO_Init
                0x080027c8       0xa4 CMakeFiles/Card_Dealer.dir/Core/Src/main.c.obj
 .text.Error_Handler
                0x0800286c        0xc CMakeFiles/Card_Dealer.dir/Core/Src/main.c.obj
                0x0800286c                Error_Handler
 .text.NMI_Handler
                0x08002878        0x8 CMakeFiles/Card_Dealer.dir/Core/Src/stm32f4xx_it.c.obj
                0x08002878                NMI_Handler
 .text.HardFault_Handler
                0x08002880        0x8 CMakeFiles/Card_Dealer.dir/Core/Src/stm32f4xx_it.c.obj
                0x08002880                HardFault_Handler
 .text.MemManage_Handler
                0x08002888        0x8 CMakeFiles/Card_Dealer.dir/Core/Src/stm32f4xx_it.c.obj
                0x08002888                MemManage_Handler
 .text.BusFault_Handler
                0x08002890        0x8 CMakeFiles/Card_Dealer.dir/Core/Src/stm32f4xx_it.c.obj
                0x08002890                BusFault_Handler
 .text.UsageFault_Handler
                0x08002898        0x8 CMakeFiles/Card_Dealer.dir/Core/Src/stm32f4xx_it.c.obj
                0x08002898                UsageFault_Handler
 .text.SVC_Handler
                0x080028a0        0xc CMakeFiles/Card_Dealer.dir/Core/Src/stm32f4xx_it.c.obj
                0x080028a0                SVC_Handler
 .text.DebugMon_Handler
                0x080028ac        0xc CMakeFiles/Card_Dealer.dir/Core/Src/stm32f4xx_it.c.obj
                0x080028ac                DebugMon_Handler
 .text.PendSV_Handler
                0x080028b8        0xc CMakeFiles/Card_Dealer.dir/Core/Src/stm32f4xx_it.c.obj
                0x080028b8                PendSV_Handler
 .text.SysTick_Handler
                0x080028c4        0xc CMakeFiles/Card_Dealer.dir/Core/Src/stm32f4xx_it.c.obj
                0x080028c4                SysTick_Handler
 .text.HAL_MspInit
                0x080028d0       0x4c CMakeFiles/Card_Dealer.dir/Core/Src/stm32f4xx_hal_msp.c.obj
                0x080028d0                HAL_MspInit
 .text.HAL_ADC_MspInit
                0x0800291c       0x88 CMakeFiles/Card_Dealer.dir/Core/Src/stm32f4xx_hal_msp.c.obj
                0x0800291c                HAL_ADC_MspInit
 .text.HAL_TIM_Base_MspInit
                0x080029a4       0x3c CMakeFiles/Card_Dealer.dir/Core/Src/stm32f4xx_hal_msp.c.obj
                0x080029a4                HAL_TIM_Base_MspInit
 .text.HAL_TIM_MspPostInit
                0x080029e0       0x70 CMakeFiles/Card_Dealer.dir/Core/Src/stm32f4xx_hal_msp.c.obj
                0x080029e0                HAL_TIM_MspPostInit
 .text.Reset_Handler
                0x08002a50       0x50 CMakeFiles/Card_Dealer.dir/startup_stm32f411xe.s.obj
                0x08002a50                Reset_Handler
 .text.Default_Handler
                0x08002aa0        0x2 CMakeFiles/Card_Dealer.dir/startup_stm32f411xe.s.obj
                0x08002aa0                RTC_Alarm_IRQHandler
                0x08002aa0                EXTI2_IRQHandler
                0x08002aa0                SPI4_IRQHandler
                0x08002aa0                TIM1_CC_IRQHandler
                0x08002aa0                DMA2_Stream5_IRQHandler
                0x08002aa0                DMA1_Stream5_IRQHandler
                0x08002aa0                PVD_IRQHandler
                0x08002aa0                SDIO_IRQHandler
                0x08002aa0                TAMP_STAMP_IRQHandler
                0x08002aa0                EXTI3_IRQHandler
                0x08002aa0                TIM1_UP_TIM10_IRQHandler
                0x08002aa0                I2C3_ER_IRQHandler
                0x08002aa0                EXTI0_IRQHandler
                0x08002aa0                I2C2_EV_IRQHandler
                0x08002aa0                DMA1_Stream2_IRQHandler
                0x08002aa0                FPU_IRQHandler
                0x08002aa0                DMA2_Stream2_IRQHandler
                0x08002aa0                SPI1_IRQHandler
                0x08002aa0                TIM1_BRK_TIM9_IRQHandler
                0x08002aa0                DMA2_Stream3_IRQHandler
                0x08002aa0                USART6_IRQHandler
                0x08002aa0                DMA2_Stream0_IRQHandler
                0x08002aa0                TIM4_IRQHandler
                0x08002aa0                I2C1_EV_IRQHandler
                0x08002aa0                DMA1_Stream6_IRQHandler
                0x08002aa0                DMA1_Stream1_IRQHandler
                0x08002aa0                TIM3_IRQHandler
                0x08002aa0                RCC_IRQHandler
                0x08002aa0                Default_Handler
                0x08002aa0                EXTI15_10_IRQHandler
                0x08002aa0                ADC_IRQHandler
                0x08002aa0                DMA1_Stream7_IRQHandler
                0x08002aa0                SPI5_IRQHandler
                0x08002aa0                TIM5_IRQHandler
                0x08002aa0                DMA2_Stream7_IRQHandler
                0x08002aa0                I2C3_EV_IRQHandler
                0x08002aa0                EXTI9_5_IRQHandler
                0x08002aa0                RTC_WKUP_IRQHandler
                0x08002aa0                SPI2_IRQHandler
                0x08002aa0                DMA1_Stream0_IRQHandler
                0x08002aa0                EXTI4_IRQHandler
                0x08002aa0                WWDG_IRQHandler
                0x08002aa0                TIM2_IRQHandler
                0x08002aa0                OTG_FS_WKUP_IRQHandler
                0x08002aa0                TIM1_TRG_COM_TIM11_IRQHandler
                0x08002aa0                EXTI1_IRQHandler
                0x08002aa0                USART2_IRQHandler
                0x08002aa0                I2C2_ER_IRQHandler
                0x08002aa0                DMA2_Stream1_IRQHandler
                0x08002aa0                FLASH_IRQHandler
                0x08002aa0                DMA2_Stream4_IRQHandler
                0x08002aa0                USART1_IRQHandler
                0x08002aa0                OTG_FS_IRQHandler
                0x08002aa0                SPI3_IRQHandler
                0x08002aa0                DMA1_Stream4_IRQHandler
                0x08002aa0                I2C1_ER_IRQHandler
                0x08002aa0                DMA2_Stream6_IRQHandler
                0x08002aa0                DMA1_Stream3_IRQHandler
 .text.__udivmoddi4
                0x08002aa2      0x2b8 /usr/lib/gcc/arm-none-eabi/16.2.0/thumb/v7e-m+fp/hard/libgcc.a(_udivmoddi4.o)
                0x08002aa2                __udivmoddi4
 .text.memset   0x08002d5a       0x10 /usr/lib/gcc/arm-none-eabi/16.2.0/../../../../arm-none-eabi/lib/thumb/v7e-m+fp/hard/libg_nano.a(libc_a-memset.o)
                0x08002d5a                memset
 *fill*         0x08002d6a        0x2 
 .text.__libc_init_array
                0x08002d6c       0x48 /usr/lib/gcc/arm-none-eabi/16.2.0/../../../../arm-none-eabi/lib/thumb/v7e-m+fp/hard/libg_nano.a(libc_a-init.o)
                0x08002d6c                __libc_init_array
 *(.glue_7)
 .glue_7        0x08002db4        0x0 linker stubs
 *(.glue_7t)
 .glue_7t       0x08002db4        0x0 linker stubs
 *(.eh_frame)
 .eh_frame      0x08002db4        0x0 /usr/lib/gcc/arm-none-eabi/16.2.0/thumb/v7e-m+fp/hard/crtbegin.o
 *(.init)
 .init          0x08002db4        0x4 /usr/lib/gcc/arm-none-eabi/16.2.0/thumb/v7e-m+fp/hard/crti.o
                0x08002db4                _init
 .init          0x08002db8        0x8 /usr/lib/gcc/arm-none-eabi/16.2.0/thumb/v7e-m+fp/hard/crtn.o
 *(.fini)
 .fini          0x08002dc0        0x4 /usr/lib/gcc/arm-none-eabi/16.2.0/thumb/v7e-m+fp/hard/crti.o
                0x08002dc0                _fini
 .fini          0x08002dc4        0x8 /usr/lib/gcc/arm-none-eabi/16.2.0/thumb/v7e-m+fp/hard/crtn.o
                0x08002dcc                        . = ALIGN (0x4)
                0x08002dcc                        _etext = .

.vfp11_veneer   0x08002dcc        0x0
 .vfp11_veneer  0x08002dcc        0x0 linker stubs

.v4_bx          0x08002dcc        0x0
 .v4_bx         0x08002dcc        0x0 linker stubs

.iplt           0x08002dcc        0x0
 .iplt          0x08002dcc        0x0 /usr/lib/gcc/arm-none-eabi/16.2.0/thumb/v7e-m+fp/hard/crtbegin.o

.rodata         0x08002dcc       0x10
                0x08002dcc                        . = ALIGN (0x4)
 *(.rodata)
 *(.rodata*)
 .rodata.AHBPrescTable
                0x08002dcc       0x10 cmake/stm32cubemx/CMakeFiles/STM32_Drivers.dir/__/__/Core/Src/system_stm32f4xx.c.obj
                0x08002dcc                AHBPrescTable
                0x08002ddc                        . = ALIGN (0x4)

.ARM.extab      0x08002ddc        0x0
                0x08002ddc                        . = ALIGN (0x4)
 *(.ARM.extab* .gnu.linkonce.armextab.*)
                0x08002ddc                        . = ALIGN (0x4)

.ARM            0x08002ddc        0x8
                0x08002ddc                        . = ALIGN (0x4)
                0x08002ddc                        __exidx_start = .
 *(.ARM.exidx*)
 .ARM.exidx.text.__udivmoddi4
                0x08002ddc        0x8 /usr/lib/gcc/arm-none-eabi/16.2.0/thumb/v7e-m+fp/hard/libgcc.a(_udivmoddi4.o)
                0x08002de4                        __exidx_end = .
                0x08002de4                        . = ALIGN (0x4)

.preinit_array  0x08002de4        0x0
                0x08002de4                        . = ALIGN (0x4)
                0x08002de4                        PROVIDE (__preinit_array_start = .)
 *(.preinit_array*)
                0x08002de4                        PROVIDE (__preinit_array_end = .)
                0x08002de4                        . = ALIGN (0x4)

.init_array     0x08002de4        0x4
                0x08002de4                        . = ALIGN (0x4)
                0x08002de4                        PROVIDE (__init_array_start = .)
 *(SORT_BY_NAME(.init_array.*))
 *(.init_array*)
 .init_array    0x08002de4        0x4 /usr/lib/gcc/arm-none-eabi/16.2.0/thumb/v7e-m+fp/hard/crtbegin.o
                0x08002de8                        PROVIDE (__init_array_end = .)
                0x08002de8                        . = ALIGN (0x4)

.fini_array     0x08002de8        0x4
                0x08002de8                        . = ALIGN (0x4)
                0x08002de8                        PROVIDE (__fini_array_start = .)
 *(SORT_BY_NAME(.fini_array.*))
 *(.fini_array*)
 .fini_array    0x08002de8        0x4 /usr/lib/gcc/arm-none-eabi/16.2.0/thumb/v7e-m+fp/hard/crtbegin.o
                0x08002dec                        PROVIDE (__fini_array_end = .)
                0x08002dec                        . = ALIGN (0x4)
                0x08002dec                        _sidata = LOADADDR (.data)

.rel.dyn        0x08002dec        0x0
 .rel.iplt      0x08002dec        0x0 /usr/lib/gcc/arm-none-eabi/16.2.0/thumb/v7e-m+fp/hard/crtbegin.o

.data           0x20000000        0xc load address 0x08002dec
                0x20000000                        . = ALIGN (0x4)
                0x20000000                        _sdata = .
 *(.data)
 *(.data*)
 .data.SystemCoreClock
                0x20000000        0x4 cmake/stm32cubemx/CMakeFiles/STM32_Drivers.dir/__/__/Core/Src/system_stm32f4xx.c.obj
                0x20000000                SystemCoreClock
 .data.uwTickPrio
                0x20000004        0x4 cmake/stm32cubemx/CMakeFiles/STM32_Drivers.dir/__/__/Drivers/STM32F4xx_HAL_Driver/Src/stm32f4xx_hal.c.obj
                0x20000004                uwTickPrio
 .data.uwTickFreq
                0x20000008        0x1 cmake/stm32cubemx/CMakeFiles/STM32_Drivers.dir/__/__/Drivers/STM32F4xx_HAL_Driver/Src/stm32f4xx_hal.c.obj
                0x20000008                uwTickFreq
 *(.RamFunc)
 *(.RamFunc*)
                0x2000000c                        . = ALIGN (0x4)
 *fill*         0x20000009        0x3 

.igot.plt       0x2000000c        0x0 load address 0x08002df8
 .igot.plt      0x2000000c        0x0 /usr/lib/gcc/arm-none-eabi/16.2.0/thumb/v7e-m+fp/hard/crtbegin.o

.tdata          0x2000000c        0x0 load address 0x08002df8
 *(.tdata .tdata.* .gnu.linkonce.td.*)
                0x2000000c                        . = ALIGN (0x4)
                0x2000000c                        _edata = .
                [!provide]                        PROVIDE (__data_end = .)
                [!provide]                        PROVIDE (__tdata_end = .)
                [!provide]                        PROVIDE (__tdata_start = ADDR (.tdata))
                [!provide]                        PROVIDE (__tdata_size = (__tdata_end - __tdata_start))
                [!provide]                        PROVIDE (__data_start = ADDR (.data))
                [!provide]                        PROVIDE (__data_size = (__data_end - __data_start))
                [!provide]                        PROVIDE (__tdata_source = LOADADDR (.tdata))
                [!provide]                        PROVIDE (__tdata_source_end = (LOADADDR (.tdata) + SIZEOF (.tdata)))
                [!provide]                        PROVIDE (__tdata_source_size = (__tdata_source_end - __tdata_source))
                [!provide]                        PROVIDE (__data_source = LOADADDR (.data))
                [!provide]                        PROVIDE (__data_source_end = __tdata_source_end)
                [!provide]                        PROVIDE (__data_source_size = (__data_source_end - __data_source))

.tbss           0x2000000c        0x0 load address 0x08002df8
                0x2000000c                        _sbss = .
                0x2000000c                        __bss_start__ = _sbss
 *(.tbss .tbss.*)
                0x2000000c                        . = ALIGN (0x4)
                [!provide]                        PROVIDE (__tbss_end = .)
                [!provide]                        PROVIDE (__tbss_start = ADDR (.tbss))
                [!provide]                        PROVIDE (__tbss_size = (__tbss_end - __tbss_start))
                [!provide]                        PROVIDE (__tbss_offset = (ADDR (.tbss) - ADDR (.tdata)))
                [!provide]                        PROVIDE (__tls_base = __tdata_start)
                [!provide]                        PROVIDE (__tls_end = __tbss_end)
                [!provide]                        PROVIDE (__tls_size = (__tls_end - __tls_base))
                [!provide]                        PROVIDE (__tls_align = MAX (ALIGNOF (.tdata), ALIGNOF (.tbss)))
                [!provide]                        PROVIDE (__tls_size_align = (((__tls_size + __tls_align) - 0x1) & ~ ((__tls_align - 0x1))))
                [!provide]                        PROVIDE (__arm32_tls_tcb_offset = MAX (0x8, __tls_align))
                [!provide]                        PROVIDE (__arm64_tls_tcb_offset = MAX (0x10, __tls_align))

.bss            0x2000000c       0xb8 load address 0x08002df8
 *(.bss)
 *(.bss*)
 .bss.completed.1
                0x2000000c        0x1 /usr/lib/gcc/arm-none-eabi/16.2.0/thumb/v7e-m+fp/hard/crtbegin.o
 *fill*         0x2000000d        0x3 
 .bss.object.0  0x20000010       0x18 /usr/lib/gcc/arm-none-eabi/16.2.0/thumb/v7e-m+fp/hard/crtbegin.o
 .bss.uwTick    0x20000028        0x4 cmake/stm32cubemx/CMakeFiles/STM32_Drivers.dir/__/__/Drivers/STM32F4xx_HAL_Driver/Src/stm32f4xx_hal.c.obj
                0x20000028                uwTick
 .bss.hadc1     0x2000002c       0x48 CMakeFiles/Card_Dealer.dir/Core/Src/main.c.obj
                0x2000002c                hadc1
 .bss.htim2     0x20000074       0x48 CMakeFiles/Card_Dealer.dir/Core/Src/main.c.obj
                0x20000074                htim2
 .bss.adc_val   0x200000bc        0x4 CMakeFiles/Card_Dealer.dir/Core/Src/main.c.obj
                0x200000bc                adc_val
 .bss.pwm_val   0x200000c0        0x4 CMakeFiles/Card_Dealer.dir/Core/Src/main.c.obj
                0x200000c0                pwm_val
 *(COMMON)
                0x200000c4                        . = ALIGN (0x4)
                0x200000c4                        _ebss = .
                0x200000c4                        __bss_end__ = _ebss
                [!provide]                        PROVIDE (__bss_end = .)
                [!provide]                        PROVIDE (__non_tls_bss_start = ADDR (.bss))
                [!provide]                        PROVIDE (__bss_start = __tbss_start)
                [!provide]                        PROVIDE (__bss_size = (__bss_end - __bss_start))

._user_heap_stack
                0x200000c4      0x604 load address 0x08002df8
                0x200000c8                        . = ALIGN (0x8)
 *fill*         0x200000c4        0x4 
                [!provide]                        PROVIDE (end = .)
                0x200000c8                        PROVIDE (_end = .)
                0x200002c8                        . = (. + _Min_Heap_Size)
 *fill*         0x200000c8      0x200 
                0x200006c8                        . = (. + _Min_Stack_Size)
 *fill*         0x200002c8      0x400 
                0x200006c8                        . = ALIGN (0x8)

/DISCARD/
 libc.a:*(*)
 libm.a:*(*)
 libgcc.a:*(*)
OUTPUT(Card_Dealer.elf elf32-littlearm)
LOAD linker stubs

.ARM.attributes
                0x00000000       0x30
 .ARM.attributes
                0x00000000       0x22 /usr/lib/gcc/arm-none-eabi/16.2.0/thumb/v7e-m+fp/hard/crti.o
 .ARM.attributes
                0x00000022       0x34 /usr/lib/gcc/arm-none-eabi/16.2.0/thumb/v7e-m+fp/hard/crtbegin.o
 .ARM.attributes
                0x00000056       0x34 cmake/stm32cubemx/CMakeFiles/STM32_Drivers.dir/__/__/Core/Src/system_stm32f4xx.c.obj
 .ARM.attributes
                0x0000008a       0x34 cmake/stm32cubemx/CMakeFiles/STM32_Drivers.dir/__/__/Drivers/STM32F4xx_HAL_Driver/Src/stm32f4xx_hal_adc.c.obj
 .ARM.attributes
                0x000000be       0x34 cmake/stm32cubemx/CMakeFiles/STM32_Drivers.dir/__/__/Drivers/STM32F4xx_HAL_Driver/Src/stm32f4xx_hal_rcc.c.obj
 .ARM.attributes
                0x000000f2       0x34 cmake/stm32cubemx/CMakeFiles/STM32_Drivers.dir/__/__/Drivers/STM32F4xx_HAL_Driver/Src/stm32f4xx_hal_gpio.c.obj
 .ARM.attributes
                0x00000126       0x34 cmake/stm32cubemx/CMakeFiles/STM32_Drivers.dir/__/__/Drivers/STM32F4xx_HAL_Driver/Src/stm32f4xx_hal_cortex.c.obj
 .ARM.attributes
                0x0000015a       0x34 cmake/stm32cubemx/CMakeFiles/STM32_Drivers.dir/__/__/Drivers/STM32F4xx_HAL_Driver/Src/stm32f4xx_hal.c.obj
 .ARM.attributes
                0x0000018e       0x34 cmake/stm32cubemx/CMakeFiles/STM32_Drivers.dir/__/__/Drivers/STM32F4xx_HAL_Driver/Src/stm32f4xx_hal_tim.c.obj
 .ARM.attributes
                0x000001c2       0x34 cmake/stm32cubemx/CMakeFiles/STM32_Drivers.dir/__/__/Drivers/STM32F4xx_HAL_Driver/Src/stm32f4xx_hal_tim_ex.c.obj
 .ARM.attributes
                0x000001f6       0x34 CMakeFiles/Card_Dealer.dir/Core/Src/main.c.obj
 .ARM.attributes
                0x0000022a       0x34 CMakeFiles/Card_Dealer.dir/Core/Src/stm32f4xx_it.c.obj
 .ARM.attributes
                0x0000025e       0x34 CMakeFiles/Card_Dealer.dir/Core/Src/stm32f4xx_hal_msp.c.obj
 .ARM.attributes
                0x00000292       0x21 CMakeFiles/Card_Dealer.dir/startup_stm32f411xe.s.obj
 .ARM.attributes
                0x000002b3       0x22 /usr/lib/gcc/arm-none-eabi/16.2.0/thumb/v7e-m+fp/hard/libgcc.a(_aeabi_uldivmod.o)
 .ARM.attributes
                0x000002d5       0x34 /usr/lib/gcc/arm-none-eabi/16.2.0/thumb/v7e-m+fp/hard/libgcc.a(_udivmoddi4.o)
 .ARM.attributes
                0x00000309       0x22 /usr/lib/gcc/arm-none-eabi/16.2.0/thumb/v7e-m+fp/hard/libgcc.a(_dvmd_tls.o)
 .ARM.attributes
                0x0000032b       0x34 /usr/lib/gcc/arm-none-eabi/16.2.0/../../../../arm-none-eabi/lib/thumb/v7e-m+fp/hard/libg_nano.a(libc_a-memset.o)
 .ARM.attributes
                0x0000035f       0x34 /usr/lib/gcc/arm-none-eabi/16.2.0/../../../../arm-none-eabi/lib/thumb/v7e-m+fp/hard/libg_nano.a(libc_a-init.o)
 .ARM.attributes
                0x00000393       0x22 /usr/lib/gcc/arm-none-eabi/16.2.0/thumb/v7e-m+fp/hard/crtn.o

.comment        0x00000000       0x3c
 .comment       0x00000000       0x3c cmake/stm32cubemx/CMakeFiles/STM32_Drivers.dir/__/__/Core/Src/system_stm32f4xx.c.obj
                                 0x1f (size before relaxing)
 .comment       0x0000003c        0x0 cmake/stm32cubemx/CMakeFiles/STM32_Drivers.dir/__/__/Drivers/STM32F4xx_HAL_Driver/Src/stm32f4xx_hal_adc.c.obj
                                 0x1f (size before relaxing)
 .comment       0x0000003c        0x0 cmake/stm32cubemx/CMakeFiles/STM32_Drivers.dir/__/__/Drivers/STM32F4xx_HAL_Driver/Src/stm32f4xx_hal_rcc.c.obj
                                 0x1f (size before relaxing)
 .comment       0x0000003c        0x0 cmake/stm32cubemx/CMakeFiles/STM32_Drivers.dir/__/__/Drivers/STM32F4xx_HAL_Driver/Src/stm32f4xx_hal_gpio.c.obj
                                 0x1f (size before relaxing)
 .comment       0x0000003c        0x0 cmake/stm32cubemx/CMakeFiles/STM32_Drivers.dir/__/__/Drivers/STM32F4xx_HAL_Driver/Src/stm32f4xx_hal_cortex.c.obj
                                 0x1f (size before relaxing)
 .comment       0x0000003c        0x0 cmake/stm32cubemx/CMakeFiles/STM32_Drivers.dir/__/__/Drivers/STM32F4xx_HAL_Driver/Src/stm32f4xx_hal.c.obj
                                 0x1f (size before relaxing)
 .comment       0x0000003c        0x0 cmake/stm32cubemx/CMakeFiles/STM32_Drivers.dir/__/__/Drivers/STM32F4xx_HAL_Driver/Src/stm32f4xx_hal_tim.c.obj
                                 0x1f (size before relaxing)
 .comment       0x0000003c        0x0 cmake/stm32cubemx/CMakeFiles/STM32_Drivers.dir/__/__/Drivers/STM32F4xx_HAL_Driver/Src/stm32f4xx_hal_tim_ex.c.obj
                                 0x1f (size before relaxing)
 .comment       0x0000003c        0x0 CMakeFiles/Card_Dealer.dir/Core/Src/main.c.obj
                                 0x1f (size before relaxing)
 .comment       0x0000003c        0x0 CMakeFiles/Card_Dealer.dir/Core/Src/stm32f4xx_it.c.obj
                                 0x1f (size before relaxing)
 .comment       0x0000003c        0x0 CMakeFiles/Card_Dealer.dir/Core/Src/stm32f4xx_hal_msp.c.obj
                                 0x1f (size before relaxing)
 .comment       0x0000003c        0x0 /usr/lib/gcc/arm-none-eabi/16.2.0/thumb/v7e-m+fp/hard/libgcc.a(_udivmoddi4.o)
                                 0x1f (size before relaxing)
 .comment       0x0000003c        0x0 /usr/lib/gcc/arm-none-eabi/16.2.0/../../../../arm-none-eabi/lib/thumb/v7e-m+fp/hard/libg_nano.a(libc_a-memset.o)
                                 0x1f (size before relaxing)
 .comment       0x0000003c        0x0 /usr/lib/gcc/arm-none-eabi/16.2.0/../../../../arm-none-eabi/lib/thumb/v7e-m+fp/hard/libg_nano.a(libc_a-init.o)
                                 0x1f (size before relaxing)

.debug_info     0x00000000     0xa08c
 .debug_info    0x00000000      0x53e cmake/stm32cubemx/CMakeFiles/STM32_Drivers.dir/__/__/Core/Src/system_stm32f4xx.c.obj
 .debug_info    0x0000053e      0xce0 cmake/stm32cubemx/CMakeFiles/STM32_Drivers.dir/__/__/Drivers/STM32F4xx_HAL_Driver/Src/stm32f4xx_hal_adc.c.obj
 .debug_info    0x0000121e      0x904 cmake/stm32cubemx/CMakeFiles/STM32_Drivers.dir/__/__/Drivers/STM32F4xx_HAL_Driver/Src/stm32f4xx_hal_rcc.c.obj
 .debug_info    0x00001b22      0x6f9 cmake/stm32cubemx/CMakeFiles/STM32_Drivers.dir/__/__/Drivers/STM32F4xx_HAL_Driver/Src/stm32f4xx_hal_gpio.c.obj
 .debug_info    0x0000221b      0xcfc cmake/stm32cubemx/CMakeFiles/STM32_Drivers.dir/__/__/Drivers/STM32F4xx_HAL_Driver/Src/stm32f4xx_hal_cortex.c.obj
 .debug_info    0x00002f17      0x8c4 cmake/stm32cubemx/CMakeFiles/STM32_Drivers.dir/__/__/Drivers/STM32F4xx_HAL_Driver/Src/stm32f4xx_hal.c.obj
 .debug_info    0x000037db     0x2996 cmake/stm32cubemx/CMakeFiles/STM32_Drivers.dir/__/__/Drivers/STM32F4xx_HAL_Driver/Src/stm32f4xx_hal_tim.c.obj
 .debug_info    0x00006171     0x14d4 cmake/stm32cubemx/CMakeFiles/STM32_Drivers.dir/__/__/Drivers/STM32F4xx_HAL_Driver/Src/stm32f4xx_hal_tim_ex.c.obj
 .debug_info    0x00007645     0x1273 CMakeFiles/Card_Dealer.dir/Core/Src/main.c.obj
 .debug_info    0x000088b8      0x112 CMakeFiles/Card_Dealer.dir/Core/Src/stm32f4xx_it.c.obj
 .debug_info    0x000089ca      0xd41 CMakeFiles/Card_Dealer.dir/Core/Src/stm32f4xx_hal_msp.c.obj
 .debug_info    0x0000970b       0x30 CMakeFiles/Card_Dealer.dir/startup_stm32f411xe.s.obj
 .debug_info    0x0000973b       0x24 /usr/lib/gcc/arm-none-eabi/16.2.0/thumb/v7e-m+fp/hard/libgcc.a(_aeabi_uldivmod.o)
 .debug_info    0x0000975f      0x6fc /usr/lib/gcc/arm-none-eabi/16.2.0/thumb/v7e-m+fp/hard/libgcc.a(_udivmoddi4.o)
 .debug_info    0x00009e5b       0x3c /usr/lib/gcc/arm-none-eabi/16.2.0/thumb/v7e-m+fp/hard/libgcc.a(_dvmd_tls.o)
 .debug_info    0x00009e97       0xe5 /usr/lib/gcc/arm-none-eabi/16.2.0/../../../../arm-none-eabi/lib/thumb/v7e-m+fp/hard/libg_nano.a(libc_a-memset.o)
 .debug_info    0x00009f7c      0x110 /usr/lib/gcc/arm-none-eabi/16.2.0/../../../../arm-none-eabi/lib/thumb/v7e-m+fp/hard/libg_nano.a(libc_a-init.o)

.debug_abbrev   0x00000000     0x1a42
 .debug_abbrev  0x00000000      0x11a cmake/stm32cubemx/CMakeFiles/STM32_Drivers.dir/__/__/Core/Src/system_stm32f4xx.c.obj
 .debug_abbrev  0x0000011a      0x20e cmake/stm32cubemx/CMakeFiles/STM32_Drivers.dir/__/__/Drivers/STM32F4xx_HAL_Driver/Src/stm32f4xx_hal_adc.c.obj
 .debug_abbrev  0x00000328      0x2b6 cmake/stm32cubemx/CMakeFiles/STM32_Drivers.dir/__/__/Drivers/STM32F4xx_HAL_Driver/Src/stm32f4xx_hal_rcc.c.obj
 .debug_abbrev  0x000005de      0x1d3 cmake/stm32cubemx/CMakeFiles/STM32_Drivers.dir/__/__/Drivers/STM32F4xx_HAL_Driver/Src/stm32f4xx_hal_gpio.c.obj
 .debug_abbrev  0x000007b1      0x31d cmake/stm32cubemx/CMakeFiles/STM32_Drivers.dir/__/__/Drivers/STM32F4xx_HAL_Driver/Src/stm32f4xx_hal_cortex.c.obj
 .debug_abbrev  0x00000ace      0x24b cmake/stm32cubemx/CMakeFiles/STM32_Drivers.dir/__/__/Drivers/STM32F4xx_HAL_Driver/Src/stm32f4xx_hal.c.obj
 .debug_abbrev  0x00000d19      0x28b cmake/stm32cubemx/CMakeFiles/STM32_Drivers.dir/__/__/Drivers/STM32F4xx_HAL_Driver/Src/stm32f4xx_hal_tim.c.obj
 .debug_abbrev  0x00000fa4      0x296 cmake/stm32cubemx/CMakeFiles/STM32_Drivers.dir/__/__/Drivers/STM32F4xx_HAL_Driver/Src/stm32f4xx_hal_tim_ex.c.obj
 .debug_abbrev  0x0000123a      0x280 CMakeFiles/Card_Dealer.dir/Core/Src/main.c.obj
 .debug_abbrev  0x000014ba       0x73 CMakeFiles/Card_Dealer.dir/Core/Src/stm32f4xx_it.c.obj
 .debug_abbrev  0x0000152d      0x1d4 CMakeFiles/Card_Dealer.dir/Core/Src/stm32f4xx_hal_msp.c.obj
 .debug_abbrev  0x00001701       0x24 CMakeFiles/Card_Dealer.dir/startup_stm32f411xe.s.obj
 .debug_abbrev  0x00001725       0x14 /usr/lib/gcc/arm-none-eabi/16.2.0/thumb/v7e-m+fp/hard/libgcc.a(_aeabi_uldivmod.o)
 .debug_abbrev  0x00001739      0x170 /usr/lib/gcc/arm-none-eabi/16.2.0/thumb/v7e-m+fp/hard/libgcc.a(_udivmoddi4.o)
 .debug_abbrev  0x000018a9       0x26 /usr/lib/gcc/arm-none-eabi/16.2.0/thumb/v7e-m+fp/hard/libgcc.a(_dvmd_tls.o)
 .debug_abbrev  0x000018cf       0xa4 /usr/lib/gcc/arm-none-eabi/16.2.0/../../../../arm-none-eabi/lib/thumb/v7e-m+fp/hard/libg_nano.a(libc_a-memset.o)
 .debug_abbrev  0x00001973       0xcf /usr/lib/gcc/arm-none-eabi/16.2.0/../../../../arm-none-eabi/lib/thumb/v7e-m+fp/hard/libg_nano.a(libc_a-init.o)

.debug_aranges  0x00000000      0xb00
 .debug_aranges
                0x00000000       0x28 cmake/stm32cubemx/CMakeFiles/STM32_Drivers.dir/__/__/Core/Src/system_stm32f4xx.c.obj
 .debug_aranges
                0x00000028       0xe8 cmake/stm32cubemx/CMakeFiles/STM32_Drivers.dir/__/__/Drivers/STM32F4xx_HAL_Driver/Src/stm32f4xx_hal_adc.c.obj
 .debug_aranges
                0x00000110       0x88 cmake/stm32cubemx/CMakeFiles/STM32_Drivers.dir/__/__/Drivers/STM32F4xx_HAL_Driver/Src/stm32f4xx_hal_rcc.c.obj
 .debug_aranges
                0x00000198       0x58 cmake/stm32cubemx/CMakeFiles/STM32_Drivers.dir/__/__/Drivers/STM32F4xx_HAL_Driver/Src/stm32f4xx_hal_gpio.c.obj
 .debug_aranges
                0x000001f0      0x130 cmake/stm32cubemx/CMakeFiles/STM32_Drivers.dir/__/__/Drivers/STM32F4xx_HAL_Driver/Src/stm32f4xx_hal_cortex.c.obj
 .debug_aranges
                0x00000320       0xf0 cmake/stm32cubemx/CMakeFiles/STM32_Drivers.dir/__/__/Drivers/STM32F4xx_HAL_Driver/Src/stm32f4xx_hal.c.obj
 .debug_aranges
                0x00000410      0x3d0 cmake/stm32cubemx/CMakeFiles/STM32_Drivers.dir/__/__/Drivers/STM32F4xx_HAL_Driver/Src/stm32f4xx_hal_tim.c.obj
 .debug_aranges
                0x000007e0      0x168 cmake/stm32cubemx/CMakeFiles/STM32_Drivers.dir/__/__/Drivers/STM32F4xx_HAL_Driver/Src/stm32f4xx_hal_tim_ex.c.obj
 .debug_aranges
                0x00000948       0x48 CMakeFiles/Card_Dealer.dir/Core/Src/main.c.obj
 .debug_aranges
                0x00000990       0x60 CMakeFiles/Card_Dealer.dir/Core/Src/stm32f4xx_it.c.obj
 .debug_aranges
                0x000009f0       0x48 CMakeFiles/Card_Dealer.dir/Core/Src/stm32f4xx_hal_msp.c.obj
 .debug_aranges
                0x00000a38       0x28 CMakeFiles/Card_Dealer.dir/startup_stm32f411xe.s.obj
 .debug_aranges
                0x00000a60       0x20 /usr/lib/gcc/arm-none-eabi/16.2.0/thumb/v7e-m+fp/hard/libgcc.a(_aeabi_uldivmod.o)
 .debug_aranges
                0x00000a80       0x20 /usr/lib/gcc/arm-none-eabi/16.2.0/thumb/v7e-m+fp/hard/libgcc.a(_udivmoddi4.o)
 .debug_aranges
                0x00000aa0       0x20 /usr/lib/gcc/arm-none-eabi/16.2.0/thumb/v7e-m+fp/hard/libgcc.a(_dvmd_tls.o)
 .debug_aranges
                0x00000ac0       0x20 /usr/lib/gcc/arm-none-eabi/16.2.0/../../../../arm-none-eabi/lib/thumb/v7e-m+fp/hard/libg_nano.a(libc_a-memset.o)
 .debug_aranges
                0x00000ae0       0x20 /usr/lib/gcc/arm-none-eabi/16.2.0/../../../../arm-none-eabi/lib/thumb/v7e-m+fp/hard/libg_nano.a(libc_a-init.o)

.debug_rnglists
                0x00000000      0x897
 .debug_rnglists
                0x00000000       0x1a cmake/stm32cubemx/CMakeFiles/STM32_Drivers.dir/__/__/Core/Src/system_stm32f4xx.c.obj
 .debug_rnglists
                0x0000001a       0xb5 cmake/stm32cubemx/CMakeFiles/STM32_Drivers.dir/__/__/Drivers/STM32F4xx_HAL_Driver/Src/stm32f4xx_hal_adc.c.obj
 .debug_rnglists
                0x000000cf       0x66 cmake/stm32cubemx/CMakeFiles/STM32_Drivers.dir/__/__/Drivers/STM32F4xx_HAL_Driver/Src/stm32f4xx_hal_rcc.c.obj
 .debug_rnglists
                0x00000135       0x3f cmake/stm32cubemx/CMakeFiles/STM32_Drivers.dir/__/__/Drivers/STM32F4xx_HAL_Driver/Src/stm32f4xx_hal_gpio.c.obj
 .debug_rnglists
                0x00000174       0xdf cmake/stm32cubemx/CMakeFiles/STM32_Drivers.dir/__/__/Drivers/STM32F4xx_HAL_Driver/Src/stm32f4xx_hal_cortex.c.obj
 .debug_rnglists
                0x00000253       0xaf cmake/stm32cubemx/CMakeFiles/STM32_Drivers.dir/__/__/Drivers/STM32F4xx_HAL_Driver/Src/stm32f4xx_hal.c.obj
 .debug_rnglists
                0x00000302      0x319 cmake/stm32cubemx/CMakeFiles/STM32_Drivers.dir/__/__/Drivers/STM32F4xx_HAL_Driver/Src/stm32f4xx_hal_tim.c.obj
 .debug_rnglists
                0x0000061b      0x125 cmake/stm32cubemx/CMakeFiles/STM32_Drivers.dir/__/__/Drivers/STM32F4xx_HAL_Driver/Src/stm32f4xx_hal_tim_ex.c.obj
 .debug_rnglists
                0x00000740       0x36 CMakeFiles/Card_Dealer.dir/Core/Src/main.c.obj
 .debug_rnglists
                0x00000776       0x43 CMakeFiles/Card_Dealer.dir/Core/Src/stm32f4xx_it.c.obj
 .debug_rnglists
                0x000007b9       0x32 CMakeFiles/Card_Dealer.dir/Core/Src/stm32f4xx_hal_msp.c.obj
 .debug_rnglists
                0x000007eb       0x19 CMakeFiles/Card_Dealer.dir/startup_stm32f411xe.s.obj
 .debug_rnglists
                0x00000804       0x6d /usr/lib/gcc/arm-none-eabi/16.2.0/thumb/v7e-m+fp/hard/libgcc.a(_udivmoddi4.o)
 .debug_rnglists
                0x00000871       0x13 /usr/lib/gcc/arm-none-eabi/16.2.0/../../../../arm-none-eabi/lib/thumb/v7e-m+fp/hard/libg_nano.a(libc_a-memset.o)
 .debug_rnglists
                0x00000884       0x13 /usr/lib/gcc/arm-none-eabi/16.2.0/../../../../arm-none-eabi/lib/thumb/v7e-m+fp/hard/libg_nano.a(libc_a-init.o)

.debug_macro    0x00000000    0x1648d
 .debug_macro   0x00000000      0x1ec cmake/stm32cubemx/CMakeFiles/STM32_Drivers.dir/__/__/Core/Src/system_stm32f4xx.c.obj
 .debug_macro   0x000001ec      0xaf0 cmake/stm32cubemx/CMakeFiles/STM32_Drivers.dir/__/__/Core/Src/system_stm32f4xx.c.obj
 .debug_macro   0x00000cdc       0x2e cmake/stm32cubemx/CMakeFiles/STM32_Drivers.dir/__/__/Core/Src/system_stm32f4xx.c.obj
 .debug_macro   0x00000d0a       0x28 cmake/stm32cubemx/CMakeFiles/STM32_Drivers.dir/__/__/Core/Src/system_stm32f4xx.c.obj
 .debug_macro   0x00000d32       0x22 cmake/stm32cubemx/CMakeFiles/STM32_Drivers.dir/__/__/Core/Src/system_stm32f4xx.c.obj
 .debug_macro   0x00000d54       0x8e cmake/stm32cubemx/CMakeFiles/STM32_Drivers.dir/__/__/Core/Src/system_stm32f4xx.c.obj
 .debug_macro   0x00000de2       0x51 cmake/stm32cubemx/CMakeFiles/STM32_Drivers.dir/__/__/Core/Src/system_stm32f4xx.c.obj
 .debug_macro   0x00000e33      0x103 cmake/stm32cubemx/CMakeFiles/STM32_Drivers.dir/__/__/Core/Src/system_stm32f4xx.c.obj
 .debug_macro   0x00000f36       0x6a cmake/stm32cubemx/CMakeFiles/STM32_Drivers.dir/__/__/Core/Src/system_stm32f4xx.c.obj
 .debug_macro   0x00000fa0      0x1df cmake/stm32cubemx/CMakeFiles/STM32_Drivers.dir/__/__/Core/Src/system_stm32f4xx.c.obj
 .debug_macro   0x0000117f       0x1c cmake/stm32cubemx/CMakeFiles/STM32_Drivers.dir/__/__/Core/Src/system_stm32f4xx.c.obj
 .debug_macro   0x0000119b       0x22 cmake/stm32cubemx/CMakeFiles/STM32_Drivers.dir/__/__/Core/Src/system_stm32f4xx.c.obj
 .debug_macro   0x000011bd       0xfb cmake/stm32cubemx/CMakeFiles/STM32_Drivers.dir/__/__/Core/Src/system_stm32f4xx.c.obj
 .debug_macro   0x000012b8     0x1011 cmake/stm32cubemx/CMakeFiles/STM32_Drivers.dir/__/__/Core/Src/system_stm32f4xx.c.obj
 .debug_macro   0x000022c9      0x11f cmake/stm32cubemx/CMakeFiles/STM32_Drivers.dir/__/__/Core/Src/system_stm32f4xx.c.obj
 .debug_macro   0x000023e8     0xb968 cmake/stm32cubemx/CMakeFiles/STM32_Drivers.dir/__/__/Core/Src/system_stm32f4xx.c.obj
 .debug_macro   0x0000dd50       0x6d cmake/stm32cubemx/CMakeFiles/STM32_Drivers.dir/__/__/Core/Src/system_stm32f4xx.c.obj
 .debug_macro   0x0000ddbd      0x29b cmake/stm32cubemx/CMakeFiles/STM32_Drivers.dir/__/__/Core/Src/system_stm32f4xx.c.obj
 .debug_macro   0x0000e058     0x3693 cmake/stm32cubemx/CMakeFiles/STM32_Drivers.dir/__/__/Core/Src/system_stm32f4xx.c.obj
 .debug_macro   0x000116eb      0x190 cmake/stm32cubemx/CMakeFiles/STM32_Drivers.dir/__/__/Core/Src/system_stm32f4xx.c.obj
 .debug_macro   0x0001187b       0x5c cmake/stm32cubemx/CMakeFiles/STM32_Drivers.dir/__/__/Core/Src/system_stm32f4xx.c.obj
 .debug_macro   0x000118d7      0x45c cmake/stm32cubemx/CMakeFiles/STM32_Drivers.dir/__/__/Core/Src/system_stm32f4xx.c.obj
 .debug_macro   0x00011d33      0x9e9 cmake/stm32cubemx/CMakeFiles/STM32_Drivers.dir/__/__/Core/Src/system_stm32f4xx.c.obj
 .debug_macro   0x0001271c      0x115 cmake/stm32cubemx/CMakeFiles/STM32_Drivers.dir/__/__/Core/Src/system_stm32f4xx.c.obj
 .debug_macro   0x00012831      0x11b cmake/stm32cubemx/CMakeFiles/STM32_Drivers.dir/__/__/Core/Src/system_stm32f4xx.c.obj
 .debug_macro   0x0001294c       0xa5 cmake/stm32cubemx/CMakeFiles/STM32_Drivers.dir/__/__/Core/Src/system_stm32f4xx.c.obj
 .debug_macro   0x000129f1      0x15f cmake/stm32cubemx/CMakeFiles/STM32_Drivers.dir/__/__/Core/Src/system_stm32f4xx.c.obj
 .debug_macro   0x00012b50      0x287 cmake/stm32cubemx/CMakeFiles/STM32_Drivers.dir/__/__/Core/Src/system_stm32f4xx.c.obj
 .debug_macro   0x00012dd7       0x5f cmake/stm32cubemx/CMakeFiles/STM32_Drivers.dir/__/__/Core/Src/system_stm32f4xx.c.obj
 .debug_macro   0x00012e36      0x236 cmake/stm32cubemx/CMakeFiles/STM32_Drivers.dir/__/__/Core/Src/system_stm32f4xx.c.obj
 .debug_macro   0x0001306c      0x9e1 cmake/stm32cubemx/CMakeFiles/STM32_Drivers.dir/__/__/Core/Src/system_stm32f4xx.c.obj
 .debug_macro   0x00013a4d      0x38b cmake/stm32cubemx/CMakeFiles/STM32_Drivers.dir/__/__/Core/Src/system_stm32f4xx.c.obj
 .debug_macro   0x00013dd8      0x17d cmake/stm32cubemx/CMakeFiles/STM32_Drivers.dir/__/__/Core/Src/system_stm32f4xx.c.obj
 .debug_macro   0x00013f55       0xf9 cmake/stm32cubemx/CMakeFiles/STM32_Drivers.dir/__/__/Core/Src/system_stm32f4xx.c.obj
 .debug_macro   0x0001404e      0x132 cmake/stm32cubemx/CMakeFiles/STM32_Drivers.dir/__/__/Core/Src/system_stm32f4xx.c.obj
 .debug_macro   0x00014180      0x264 cmake/stm32cubemx/CMakeFiles/STM32_Drivers.dir/__/__/Core/Src/system_stm32f4xx.c.obj
 .debug_macro   0x000143e4       0x2e cmake/stm32cubemx/CMakeFiles/STM32_Drivers.dir/__/__/Core/Src/system_stm32f4xx.c.obj
 .debug_macro   0x00014412      0x127 cmake/stm32cubemx/CMakeFiles/STM32_Drivers.dir/__/__/Core/Src/system_stm32f4xx.c.obj
 .debug_macro   0x00014539       0x85 cmake/stm32cubemx/CMakeFiles/STM32_Drivers.dir/__/__/Core/Src/system_stm32f4xx.c.obj
 .debug_macro   0x000145be       0x89 cmake/stm32cubemx/CMakeFiles/STM32_Drivers.dir/__/__/Core/Src/system_stm32f4xx.c.obj
 .debug_macro   0x00014647      0x8ed cmake/stm32cubemx/CMakeFiles/STM32_Drivers.dir/__/__/Core/Src/system_stm32f4xx.c.obj
 .debug_macro   0x00014f34       0x47 cmake/stm32cubemx/CMakeFiles/STM32_Drivers.dir/__/__/Core/Src/system_stm32f4xx.c.obj
 .debug_macro   0x00014f7b      0x126 cmake/stm32cubemx/CMakeFiles/STM32_Drivers.dir/__/__/Core/Src/system_stm32f4xx.c.obj
 .debug_macro   0x000150a1      0x1ed cmake/stm32cubemx/CMakeFiles/STM32_Drivers.dir/__/__/Drivers/STM32F4xx_HAL_Driver/Src/stm32f4xx_hal_adc.c.obj
 .debug_macro   0x0001528e      0x210 cmake/stm32cubemx/CMakeFiles/STM32_Drivers.dir/__/__/Drivers/STM32F4xx_HAL_Driver/Src/stm32f4xx_hal_rcc.c.obj
 .debug_macro   0x0001549e      0x1f2 cmake/stm32cubemx/CMakeFiles/STM32_Drivers.dir/__/__/Drivers/STM32F4xx_HAL_Driver/Src/stm32f4xx_hal_gpio.c.obj
 .debug_macro   0x00015690      0x1ec cmake/stm32cubemx/CMakeFiles/STM32_Drivers.dir/__/__/Drivers/STM32F4xx_HAL_Driver/Src/stm32f4xx_hal_cortex.c.obj
 .debug_macro   0x0001587c      0x24c cmake/stm32cubemx/CMakeFiles/STM32_Drivers.dir/__/__/Drivers/STM32F4xx_HAL_Driver/Src/stm32f4xx_hal.c.obj
 .debug_macro   0x00015ac8      0x1ed cmake/stm32cubemx/CMakeFiles/STM32_Drivers.dir/__/__/Drivers/STM32F4xx_HAL_Driver/Src/stm32f4xx_hal_tim.c.obj
 .debug_macro   0x00015cb5      0x1ec cmake/stm32cubemx/CMakeFiles/STM32_Drivers.dir/__/__/Drivers/STM32F4xx_HAL_Driver/Src/stm32f4xx_hal_tim_ex.c.obj
 .debug_macro   0x00015ea1      0x1f6 CMakeFiles/Card_Dealer.dir/Core/Src/main.c.obj
 .debug_macro   0x00016097      0x200 CMakeFiles/Card_Dealer.dir/Core/Src/stm32f4xx_it.c.obj
 .debug_macro   0x00016297      0x1f6 CMakeFiles/Card_Dealer.dir/Core/Src/stm32f4xx_hal_msp.c.obj

.debug_line     0x00000000     0xad60
 .debug_line    0x00000000      0x666 cmake/stm32cubemx/CMakeFiles/STM32_Drivers.dir/__/__/Core/Src/system_stm32f4xx.c.obj
 .debug_line    0x00000666     0x1079 cmake/stm32cubemx/CMakeFiles/STM32_Drivers.dir/__/__/Drivers/STM32F4xx_HAL_Driver/Src/stm32f4xx_hal_adc.c.obj
 .debug_line    0x000016df      0xd8b cmake/stm32cubemx/CMakeFiles/STM32_Drivers.dir/__/__/Drivers/STM32F4xx_HAL_Driver/Src/stm32f4xx_hal_rcc.c.obj
 .debug_line    0x0000246a      0x9ff cmake/stm32cubemx/CMakeFiles/STM32_Drivers.dir/__/__/Drivers/STM32F4xx_HAL_Driver/Src/stm32f4xx_hal_gpio.c.obj
 .debug_line    0x00002e69      0xbc0 cmake/stm32cubemx/CMakeFiles/STM32_Drivers.dir/__/__/Drivers/STM32F4xx_HAL_Driver/Src/stm32f4xx_hal_cortex.c.obj
 .debug_line    0x00003a29      0x8e5 cmake/stm32cubemx/CMakeFiles/STM32_Drivers.dir/__/__/Drivers/STM32F4xx_HAL_Driver/Src/stm32f4xx_hal.c.obj
 .debug_line    0x0000430e     0x34a9 cmake/stm32cubemx/CMakeFiles/STM32_Drivers.dir/__/__/Drivers/STM32F4xx_HAL_Driver/Src/stm32f4xx_hal_tim.c.obj
 .debug_line    0x000077b7     0x17db cmake/stm32cubemx/CMakeFiles/STM32_Drivers.dir/__/__/Drivers/STM32F4xx_HAL_Driver/Src/stm32f4xx_hal_tim_ex.c.obj
 .debug_line    0x00008f92      0x7d4 CMakeFiles/Card_Dealer.dir/Core/Src/main.c.obj
 .debug_line    0x00009766      0x69f CMakeFiles/Card_Dealer.dir/Core/Src/stm32f4xx_it.c.obj
 .debug_line    0x00009e05      0x69f CMakeFiles/Card_Dealer.dir/Core/Src/stm32f4xx_hal_msp.c.obj
 .debug_line    0x0000a4a4       0x7a CMakeFiles/Card_Dealer.dir/startup_stm32f411xe.s.obj
 .debug_line    0x0000a51e       0x4e /usr/lib/gcc/arm-none-eabi/16.2.0/thumb/v7e-m+fp/hard/libgcc.a(_aeabi_uldivmod.o)
 .debug_line    0x0000a56c      0x565 /usr/lib/gcc/arm-none-eabi/16.2.0/thumb/v7e-m+fp/hard/libgcc.a(_udivmoddi4.o)
 .debug_line    0x0000aad1       0x4a /usr/lib/gcc/arm-none-eabi/16.2.0/thumb/v7e-m+fp/hard/libgcc.a(_dvmd_tls.o)
 .debug_line    0x0000ab1b      0x12e /usr/lib/gcc/arm-none-eabi/16.2.0/../../../../arm-none-eabi/lib/thumb/v7e-m+fp/hard/libg_nano.a(libc_a-memset.o)
 .debug_line    0x0000ac49      0x117 /usr/lib/gcc/arm-none-eabi/16.2.0/../../../../arm-none-eabi/lib/thumb/v7e-m+fp/hard/libg_nano.a(libc_a-init.o)

.debug_str      0x00000000    0x9459c
 .debug_str     0x00000000    0x9459c cmake/stm32cubemx/CMakeFiles/STM32_Drivers.dir/__/__/Core/Src/system_stm32f4xx.c.obj
                              0x90c85 (size before relaxing)
 .debug_str     0x0009459c        0x0 cmake/stm32cubemx/CMakeFiles/STM32_Drivers.dir/__/__/Drivers/STM32F4xx_HAL_Driver/Src/stm32f4xx_hal_adc.c.obj
                              0x91260 (size before relaxing)
 .debug_str     0x0009459c        0x0 cmake/stm32cubemx/CMakeFiles/STM32_Drivers.dir/__/__/Drivers/STM32F4xx_HAL_Driver/Src/stm32f4xx_hal_rcc.c.obj
                              0x910b9 (size before relaxing)
 .debug_str     0x0009459c        0x0 cmake/stm32cubemx/CMakeFiles/STM32_Drivers.dir/__/__/Drivers/STM32F4xx_HAL_Driver/Src/stm32f4xx_hal_gpio.c.obj
                              0x90e00 (size before relaxing)
 .debug_str     0x0009459c        0x0 cmake/stm32cubemx/CMakeFiles/STM32_Drivers.dir/__/__/Drivers/STM32F4xx_HAL_Driver/Src/stm32f4xx_hal_cortex.c.obj
                              0x9141b (size before relaxing)
 .debug_str     0x0009459c        0x0 cmake/stm32cubemx/CMakeFiles/STM32_Drivers.dir/__/__/Drivers/STM32F4xx_HAL_Driver/Src/stm32f4xx_hal.c.obj
                              0x916b1 (size before relaxing)
 .debug_str     0x0009459c        0x0 cmake/stm32cubemx/CMakeFiles/STM32_Drivers.dir/__/__/Drivers/STM32F4xx_HAL_Driver/Src/stm32f4xx_hal_tim.c.obj
                              0x91ffd (size before relaxing)
 .debug_str     0x0009459c        0x0 cmake/stm32cubemx/CMakeFiles/STM32_Drivers.dir/__/__/Drivers/STM32F4xx_HAL_Driver/Src/stm32f4xx_hal_tim_ex.c.obj
                              0x91809 (size before relaxing)
 .debug_str     0x0009459c        0x0 CMakeFiles/Card_Dealer.dir/Core/Src/main.c.obj
                              0x91780 (size before relaxing)
 .debug_str     0x0009459c        0x0 CMakeFiles/Card_Dealer.dir/Core/Src/stm32f4xx_it.c.obj
                              0x90b49 (size before relaxing)
 .debug_str     0x0009459c        0x0 CMakeFiles/Card_Dealer.dir/Core/Src/stm32f4xx_hal_msp.c.obj
                              0x9139e (size before relaxing)
 .debug_str     0x0009459c        0x0 CMakeFiles/Card_Dealer.dir/startup_stm32f411xe.s.obj
                                 0x88 (size before relaxing)
 .debug_str     0x0009459c        0x0 /usr/lib/gcc/arm-none-eabi/16.2.0/thumb/v7e-m+fp/hard/libgcc.a(_aeabi_uldivmod.o)
                                 0x9e (size before relaxing)
 .debug_str     0x0009459c        0x0 /usr/lib/gcc/arm-none-eabi/16.2.0/thumb/v7e-m+fp/hard/libgcc.a(_udivmoddi4.o)
                                0x697 (size before relaxing)
 .debug_str     0x0009459c        0x0 /usr/lib/gcc/arm-none-eabi/16.2.0/thumb/v7e-m+fp/hard/libgcc.a(_dvmd_tls.o)
                                 0xbe (size before relaxing)
 .debug_str     0x0009459c        0x0 /usr/lib/gcc/arm-none-eabi/16.2.0/../../../../arm-none-eabi/lib/thumb/v7e-m+fp/hard/libg_nano.a(libc_a-memset.o)
                                0x1bf (size before relaxing)
 .debug_str     0x0009459c        0x0 /usr/lib/gcc/arm-none-eabi/16.2.0/../../../../arm-none-eabi/lib/thumb/v7e-m+fp/hard/libg_nano.a(libc_a-init.o)
                                0x220 (size before relaxing)

.debug_frame    0x00000000     0x2b78
 .debug_frame   0x00000000       0x58 cmake/stm32cubemx/CMakeFiles/STM32_Drivers.dir/__/__/Core/Src/system_stm32f4xx.c.obj
 .debug_frame   0x00000058      0x3fc cmake/stm32cubemx/CMakeFiles/STM32_Drivers.dir/__/__/Drivers/STM32F4xx_HAL_Driver/Src/stm32f4xx_hal_adc.c.obj
 .debug_frame   0x00000454      0x1f4 cmake/stm32cubemx/CMakeFiles/STM32_Drivers.dir/__/__/Drivers/STM32F4xx_HAL_Driver/Src/stm32f4xx_hal_rcc.c.obj
 .debug_frame   0x00000648      0x14c cmake/stm32cubemx/CMakeFiles/STM32_Drivers.dir/__/__/Drivers/STM32F4xx_HAL_Driver/Src/stm32f4xx_hal_gpio.c.obj
 .debug_frame   0x00000794      0x508 cmake/stm32cubemx/CMakeFiles/STM32_Drivers.dir/__/__/Drivers/STM32F4xx_HAL_Driver/Src/stm32f4xx_hal_cortex.c.obj
 .debug_frame   0x00000c9c      0x374 cmake/stm32cubemx/CMakeFiles/STM32_Drivers.dir/__/__/Drivers/STM32F4xx_HAL_Driver/Src/stm32f4xx_hal.c.obj
 .debug_frame   0x00001010     0x11b4 cmake/stm32cubemx/CMakeFiles/STM32_Drivers.dir/__/__/Drivers/STM32F4xx_HAL_Driver/Src/stm32f4xx_hal_tim.c.obj
 .debug_frame   0x000021c4      0x638 cmake/stm32cubemx/CMakeFiles/STM32_Drivers.dir/__/__/Drivers/STM32F4xx_HAL_Driver/Src/stm32f4xx_hal_tim_ex.c.obj
 .debug_frame   0x000027fc       0xd8 CMakeFiles/Card_Dealer.dir/Core/Src/main.c.obj
 .debug_frame   0x000028d4      0x104 CMakeFiles/Card_Dealer.dir/Core/Src/stm32f4xx_it.c.obj
 .debug_frame   0x000029d8       0xf4 CMakeFiles/Card_Dealer.dir/Core/Src/stm32f4xx_hal_msp.c.obj
 .debug_frame   0x00002acc       0x2c /usr/lib/gcc/arm-none-eabi/16.2.0/thumb/v7e-m+fp/hard/libgcc.a(_aeabi_uldivmod.o)
 .debug_frame   0x00002af8       0x34 /usr/lib/gcc/arm-none-eabi/16.2.0/thumb/v7e-m+fp/hard/libgcc.a(_udivmoddi4.o)
 .debug_frame   0x00002b2c       0x20 /usr/lib/gcc/arm-none-eabi/16.2.0/../../../../arm-none-eabi/lib/thumb/v7e-m+fp/hard/libg_nano.a(libc_a-memset.o)
 .debug_frame   0x00002b4c       0x2c /usr/lib/gcc/arm-none-eabi/16.2.0/../../../../arm-none-eabi/lib/thumb/v7e-m+fp/hard/libg_nano.a(libc_a-init.o)

.debug_line_str
                0x00000000      0x10c
 .debug_line_str
                0x00000000      0x10c CMakeFiles/Card_Dealer.dir/startup_stm32f411xe.s.obj
                                 0x6e (size before relaxing)
 .debug_line_str
                0x0000010c        0x0 /usr/lib/gcc/arm-none-eabi/16.2.0/thumb/v7e-m+fp/hard/libgcc.a(_aeabi_uldivmod.o)
                                 0x92 (size before relaxing)
 .debug_line_str
                0x0000010c        0x0 /usr/lib/gcc/arm-none-eabi/16.2.0/thumb/v7e-m+fp/hard/libgcc.a(_dvmd_tls.o)
                                 0x96 (size before relaxing)

.debug_loclists
                0x00000000      0xa2a
 .debug_loclists
                0x00000000      0x995 /usr/lib/gcc/arm-none-eabi/16.2.0/thumb/v7e-m+fp/hard/libgcc.a(_udivmoddi4.o)
 .debug_loclists
                0x00000995       0x4d /usr/lib/gcc/arm-none-eabi/16.2.0/../../../../arm-none-eabi/lib/thumb/v7e-m+fp/hard/libg_nano.a(libc_a-memset.o)
 .debug_loclists
                0x000009e2       0x48 /usr/lib/gcc/arm-none-eabi/16.2.0/../../../../arm-none-eabi/lib/thumb/v7e-m+fp/hard/libg_nano.a(libc_a-init.o)
